[dotenv@17.2.3] injecting env (57) from .env -- tip: ⚙️  specify custom .env file path with { path: '/custom/path/.env' }
[SupportPush] ready=true
[EmailService] provider=mailjet ready=true
Socket adapter Redis active.
Listening on port 3000
Connexion a MongoDB reussie !
Client Socket.IO connecte Ode-LaxmsYo9_wkiAAAB
Client deconnecte Ode-LaxmsYo9_wkiAAAB
Client Socket.IO connecte t1hC60aSuYSzp_8YAAAD
Client deconnecte t1hC60aSuYSzp_8YAAAD
Client Socket.IO connecte 0RFslBk9ZY7pICP1AAAF
Client deconnecte 0RFslBk9ZY7pICP1AAAF
Client Socket.IO connecte m9qARfaoYhLTCxdAAAAH
Client deconnecte m9qARfaoYhLTCxdAAAAH
Client Socket.IO connecte fPXpESwT8mYJ5DcSAAAJ
Client deconnecte fPXpESwT8mYJ5DcSAAAJ
Client Socket.IO connecte vPm2MQo8B4Ec9D7QAAAL
Client deconnecte vPm2MQo8B4Ec9D7QAAAL
Client Socket.IO connecte 8ge23StB4gFMjcg-AAAN
Client deconnecte 8ge23StB4gFMjcg-AAAN
Client Socket.IO connecte rXvglb1rDW-6EjjtAAAP
Client deconnecte rXvglb1rDW-6EjjtAAAP
Client Socket.IO connecte sZbwkIN4glY4XcsEAAAR
Client deconnecte sZbwkIN4glY4XcsEAAAR
Client Socket.IO connecte SABjAhWTSEJQ6CPeAAAT
Client deconnecte SABjAhWTSEJQ6CPeAAAT
Client Socket.IO connecte zAokBrQLLgyKO4WgAAAV
Client deconnecte zAokBrQLLgyKO4WgAAAV
Client Socket.IO connecte XtDbhBYQQQBXb7WuAAAX
Client deconnecte XtDbhBYQQQBXb7WuAAAX
Client Socket.IO connecte -Jzsfl4ehP_XYlpwAAAZ
Client deconnecte -Jzsfl4ehP_XYlpwAAAZ
Client Socket.IO connecte e3XlZdVu2OPDqhbqAAAb
Client deconnecte e3XlZdVu2OPDqhbqAAAb
Client Socket.IO connecte QhbWtF8rLl_cAO8wAAAd
Client deconnecte QhbWtF8rLl_cAO8wAAAd
Client Socket.IO connecte B_j3ULqx5jZoNeh5AAAf
Client deconnecte B_j3ULqx5jZoNeh5AAAf
Client Socket.IO connecte _4cBXP6Rus6BeJrBAAAh
Client deconnecte _4cBXP6Rus6BeJrBAAAh
Client Socket.IO connecte noYXCSRt5KlMvgGJAAAj
Client deconnecte noYXCSRt5KlMvgGJAAAj
Client Socket.IO connecte 7GeuMe7iCvjRzmOBAAAl
Client deconnecte 7GeuMe7iCvjRzmOBAAAl
Client Socket.IO connecte MkCTM3S9OxVVY0OEAAAn
Client deconnecte MkCTM3S9OxVVY0OEAAAn
Client Socket.IO connecte dw2izdQ3F18h6XEcAAAp
Client deconnecte dw2izdQ3F18h6XEcAAAp
Client Socket.IO connecte XDUyltiPG4W46rDIAAAr
Client deconnecte XDUyltiPG4W46rDIAAAr
Client Socket.IO connecte 7X92YdjxtyrjoqSwAAAt
Client deconnecte 7X92YdjxtyrjoqSwAAAt
Client Socket.IO connecte duayOPmedTQETBO0AAAv
Client deconnecte duayOPmedTQETBO0AAAv
Client Socket.IO connecte eXCXg5jIcr1zx4MQAAAx
Client deconnecte eXCXg5jIcr1zx4MQAAAx
Client Socket.IO connecte EBy3VEADzzQXjMSDAAA1
Client deconnecte EBy3VEADzzQXjMSDAAA1
Client Socket.IO connecte lAtFxBE6ym9sKn_HAAA3
Client deconnecte lAtFxBE6ym9sKn_HAAA3
Client Socket.IO connecte jlsncfMRowwOFHldAAA5
Client deconnecte jlsncfMRowwOFHldAAA5
Client Socket.IO connecte HvKzvvcv6OynYv0tAAA8
Client deconnecte HvKzvvcv6OynYv0tAAA8
